<html>
<body>
<pre>
<h1>礦ision Build Log</h1>
<h2>Tool Versions:</h2>
IDE-Version: μVision V5.14.0.0
Copyright (C) 2015 ARM Ltd and ARM Germany GmbH. All rights reserved.
License Information: d d, d, LIC=DSNNN-YN2ZR-77ZRP-M4WHN-AENBW-I2H2A
 
Tool Versions:
Toolchain:       MDK-ARM Professional  Version: 5.14.0.0
Toolchain Path:  C:\Keil_v5\ARM\ARMCC\Bin
C Compiler:      Armcc.exe V5.05 update 1 (build 106)
Assembler:       Armasm.exe V5.05 update 1 (build 106)
Linker/Locator:  ArmLink.exe V5.05 update 1 (build 106)
Library Manager: ArmAr.exe V5.05 update 1 (build 106)
Hex Converter:   FromElf.exe V5.05 update 1 (build 106)
CPU DLL:         SARMCM3.DLL V5.14.0.0
Dialog DLL:      DARMSTM.DLL V1.65.0.0
Target DLL:      STLink\ST-LINKIII-KEIL_SWO.dll V2.0.14.0_KEIL
Dialog DLL:      TARMSTM.DLL V1.64.0.0
 
<h2>Project:</h2>
C:\Users\Administrator\Desktop\ehome - 副本\stm32.uvprojx
Project File Date:  01/06/2020

<h2>Output:</h2>
Build target 'STM32project'
compiling dht11.c...
.\user\inc\systick.h(7): warning:  #1-D: last line of file ends without a newline
  #endif
.\user\inc\key.h(11): warning:  #1-D: last line of file ends without a newline
  #endif
.\user\inc\gpio.h(7): warning:  #1-D: last line of file ends without a newline
  #endif
.\user\inc\includes.h(16): warning:  #1-D: last line of file ends without a newline
  #endif
.\user\inc\usart.h(11): warning:  #1-D: last line of file ends without a newline
  #endif
.\user\inc\dht11.h(14): warning:  #1-D: last line of file ends without a newline
  #endif
.\user\inc\includes.h(16): warning:  #1-D: last line of file ends without a newline
  #endif
user\src\dht11.c: 7 warnings, 0 errors
linking...
Program Size: Code=3400 RO-data=268 RW-data=24 ZI-data=1024  
FromELF: creating hex file...
".\Objects\stm32.axf" - 0 Error(s), 7 Warning(s).

<h2>Collection of Component include folders:</h2>
  C:\Users\Administrator\Desktop\ehome - 副本\RTE
  C:\Keil_v5\ARM\PACK\Keil\STM32F1xx_DFP\2.2.0

<h2>Collection of Component Files used:</h2>
</pre>
</body>
</html>
